// Jest Snapshot v1, https://goo.gl/fbAQLP

exports[`renders heart 1`] = `
<View
  style={
    Object {
      "alignItems": "center",
      "justifyContent": "center",
      "paddingVertical": 10,
    }
  }
>
  <Text
    accessible={true}
    allowFontScaling={false}
    ellipsizeMode="tail"
    style={
      Array [
        Object {
          "color": "white",
          "fontSize": 200,
        },
        undefined,
        Object {
          "fontFamily": "FontAwesome",
          "fontStyle": "normal",
          "fontWeight": "normal",
        },
      ]
    }
  >
    ï€¾
  </Text>
  <Text
    accessible={true}
    allowFontScaling={true}
    ellipsizeMode="tail"
    style={
      Object {
        "color": "#484848",
        "fontSize": 20,
        "fontWeight": "700",
        "paddingTop": 5,
      }
    }
  >
    name
  </Text>
</View>
`;
